Archive member included to satisfy reference by file (symbol)

/Users/pannetra/avr8-gnu-toolchain-darwin_x86_64/bin/../lib/gcc/avr/4.9.2/avr5/libgcc.a(_exit.o)
                              /Users/pannetra/avr8-gnu-toolchain-darwin_x86_64/bin/../lib/gcc/avr/4.9.2/../../../../avr/lib/avr5/crtatmega32u4.o (exit)
/Users/pannetra/avr8-gnu-toolchain-darwin_x86_64/bin/../lib/gcc/avr/4.9.2/avr5/libgcc.a(_tablejump2.o)
                              usb_serial.o (__tablejump2__)
/Users/pannetra/avr8-gnu-toolchain-darwin_x86_64/bin/../lib/gcc/avr/4.9.2/avr5/libgcc.a(_copy_data.o)
                              usb_serial.o (__do_copy_data)
/Users/pannetra/avr8-gnu-toolchain-darwin_x86_64/bin/../lib/gcc/avr/4.9.2/avr5/libgcc.a(_clear_bss.o)
                              controller.o (__do_clear_bss)

Allocating common symbols
Common symbol       size              file

circ_buffer         0x100             controller.o

Discarded input sections

 .data          0x0000000000000000        0x0 /Users/pannetra/avr8-gnu-toolchain-darwin_x86_64/bin/../lib/gcc/avr/4.9.2/../../../../avr/lib/avr5/crtatmega32u4.o
 .bss           0x0000000000000000        0x0 /Users/pannetra/avr8-gnu-toolchain-darwin_x86_64/bin/../lib/gcc/avr/4.9.2/../../../../avr/lib/avr5/crtatmega32u4.o
 .text          0x0000000000000000        0x0 controller.o
 .data          0x0000000000000000        0x0 controller.o
 .text.put_byte
                0x0000000000000000        0x4 controller.o
 .text.put_byte_n
                0x0000000000000000        0x6 controller.o
 .text.circ_buffer_clear
                0x0000000000000000        0xe controller.o
 .text          0x0000000000000000        0x0 usb_serial.o
 .text.usb_serial_putchar
                0x0000000000000000       0x7e usb_serial.o
 .text.usb_serial_flush_output
                0x0000000000000000       0x20 usb_serial.o
 .text.usb_serial_get_baud
                0x0000000000000000       0x12 usb_serial.o
 .text.usb_serial_get_stopbits
                0x0000000000000000        0x6 usb_serial.o
 .text.usb_serial_get_paritytype
                0x0000000000000000        0x6 usb_serial.o
 .text.usb_serial_get_numbits
                0x0000000000000000        0x6 usb_serial.o
 .text.usb_serial_get_control
                0x0000000000000000        0x6 usb_serial.o
 .text.usb_serial_set_control
                0x0000000000000000       0x56 usb_serial.o
 .text          0x0000000000000000        0x0 mcp2515.o
 .data          0x0000000000000000        0x0 mcp2515.o
 .bss           0x0000000000000000        0x0 mcp2515.o
 .text          0x0000000000000000        0x0 spi.o
 .data          0x0000000000000000        0x0 spi.o
 .bss           0x0000000000000000        0x0 spi.o
 .text          0x0000000000000000        0x0 /Users/pannetra/avr8-gnu-toolchain-darwin_x86_64/bin/../lib/gcc/avr/4.9.2/avr5/libgcc.a(_exit.o)
 .data          0x0000000000000000        0x0 /Users/pannetra/avr8-gnu-toolchain-darwin_x86_64/bin/../lib/gcc/avr/4.9.2/avr5/libgcc.a(_exit.o)
 .bss           0x0000000000000000        0x0 /Users/pannetra/avr8-gnu-toolchain-darwin_x86_64/bin/../lib/gcc/avr/4.9.2/avr5/libgcc.a(_exit.o)
 .text.libgcc.mul
                0x0000000000000000        0x0 /Users/pannetra/avr8-gnu-toolchain-darwin_x86_64/bin/../lib/gcc/avr/4.9.2/avr5/libgcc.a(_exit.o)
 .text.libgcc.div
                0x0000000000000000        0x0 /Users/pannetra/avr8-gnu-toolchain-darwin_x86_64/bin/../lib/gcc/avr/4.9.2/avr5/libgcc.a(_exit.o)
 .text.libgcc   0x0000000000000000        0x0 /Users/pannetra/avr8-gnu-toolchain-darwin_x86_64/bin/../lib/gcc/avr/4.9.2/avr5/libgcc.a(_exit.o)
 .text.libgcc.prologue
                0x0000000000000000        0x0 /Users/pannetra/avr8-gnu-toolchain-darwin_x86_64/bin/../lib/gcc/avr/4.9.2/avr5/libgcc.a(_exit.o)
 .text.libgcc.builtins
                0x0000000000000000        0x0 /Users/pannetra/avr8-gnu-toolchain-darwin_x86_64/bin/../lib/gcc/avr/4.9.2/avr5/libgcc.a(_exit.o)
 .text.libgcc.fmul
                0x0000000000000000        0x0 /Users/pannetra/avr8-gnu-toolchain-darwin_x86_64/bin/../lib/gcc/avr/4.9.2/avr5/libgcc.a(_exit.o)
 .text.libgcc.fixed
                0x0000000000000000        0x0 /Users/pannetra/avr8-gnu-toolchain-darwin_x86_64/bin/../lib/gcc/avr/4.9.2/avr5/libgcc.a(_exit.o)
 .text          0x0000000000000000        0x0 /Users/pannetra/avr8-gnu-toolchain-darwin_x86_64/bin/../lib/gcc/avr/4.9.2/avr5/libgcc.a(_tablejump2.o)
 .data          0x0000000000000000        0x0 /Users/pannetra/avr8-gnu-toolchain-darwin_x86_64/bin/../lib/gcc/avr/4.9.2/avr5/libgcc.a(_tablejump2.o)
 .bss           0x0000000000000000        0x0 /Users/pannetra/avr8-gnu-toolchain-darwin_x86_64/bin/../lib/gcc/avr/4.9.2/avr5/libgcc.a(_tablejump2.o)
 .text.libgcc.mul
                0x0000000000000000        0x0 /Users/pannetra/avr8-gnu-toolchain-darwin_x86_64/bin/../lib/gcc/avr/4.9.2/avr5/libgcc.a(_tablejump2.o)
 .text.libgcc.div
                0x0000000000000000        0x0 /Users/pannetra/avr8-gnu-toolchain-darwin_x86_64/bin/../lib/gcc/avr/4.9.2/avr5/libgcc.a(_tablejump2.o)
 .text.libgcc.prologue
                0x0000000000000000        0x0 /Users/pannetra/avr8-gnu-toolchain-darwin_x86_64/bin/../lib/gcc/avr/4.9.2/avr5/libgcc.a(_tablejump2.o)
 .text.libgcc.builtins
                0x0000000000000000        0x0 /Users/pannetra/avr8-gnu-toolchain-darwin_x86_64/bin/../lib/gcc/avr/4.9.2/avr5/libgcc.a(_tablejump2.o)
 .text.libgcc.fmul
                0x0000000000000000        0x0 /Users/pannetra/avr8-gnu-toolchain-darwin_x86_64/bin/../lib/gcc/avr/4.9.2/avr5/libgcc.a(_tablejump2.o)
 .text.libgcc.fixed
                0x0000000000000000        0x0 /Users/pannetra/avr8-gnu-toolchain-darwin_x86_64/bin/../lib/gcc/avr/4.9.2/avr5/libgcc.a(_tablejump2.o)
 .text          0x0000000000000000        0x0 /Users/pannetra/avr8-gnu-toolchain-darwin_x86_64/bin/../lib/gcc/avr/4.9.2/avr5/libgcc.a(_copy_data.o)
 .data          0x0000000000000000        0x0 /Users/pannetra/avr8-gnu-toolchain-darwin_x86_64/bin/../lib/gcc/avr/4.9.2/avr5/libgcc.a(_copy_data.o)
 .bss           0x0000000000000000        0x0 /Users/pannetra/avr8-gnu-toolchain-darwin_x86_64/bin/../lib/gcc/avr/4.9.2/avr5/libgcc.a(_copy_data.o)
 .text.libgcc.mul
                0x0000000000000000        0x0 /Users/pannetra/avr8-gnu-toolchain-darwin_x86_64/bin/../lib/gcc/avr/4.9.2/avr5/libgcc.a(_copy_data.o)
 .text.libgcc.div
                0x0000000000000000        0x0 /Users/pannetra/avr8-gnu-toolchain-darwin_x86_64/bin/../lib/gcc/avr/4.9.2/avr5/libgcc.a(_copy_data.o)
 .text.libgcc   0x0000000000000000        0x0 /Users/pannetra/avr8-gnu-toolchain-darwin_x86_64/bin/../lib/gcc/avr/4.9.2/avr5/libgcc.a(_copy_data.o)
 .text.libgcc.prologue
                0x0000000000000000        0x0 /Users/pannetra/avr8-gnu-toolchain-darwin_x86_64/bin/../lib/gcc/avr/4.9.2/avr5/libgcc.a(_copy_data.o)
 .text.libgcc.builtins
                0x0000000000000000        0x0 /Users/pannetra/avr8-gnu-toolchain-darwin_x86_64/bin/../lib/gcc/avr/4.9.2/avr5/libgcc.a(_copy_data.o)
 .text.libgcc.fmul
                0x0000000000000000        0x0 /Users/pannetra/avr8-gnu-toolchain-darwin_x86_64/bin/../lib/gcc/avr/4.9.2/avr5/libgcc.a(_copy_data.o)
 .text.libgcc.fixed
                0x0000000000000000        0x0 /Users/pannetra/avr8-gnu-toolchain-darwin_x86_64/bin/../lib/gcc/avr/4.9.2/avr5/libgcc.a(_copy_data.o)
 .text          0x0000000000000000        0x0 /Users/pannetra/avr8-gnu-toolchain-darwin_x86_64/bin/../lib/gcc/avr/4.9.2/avr5/libgcc.a(_clear_bss.o)
 .data          0x0000000000000000        0x0 /Users/pannetra/avr8-gnu-toolchain-darwin_x86_64/bin/../lib/gcc/avr/4.9.2/avr5/libgcc.a(_clear_bss.o)
 .bss           0x0000000000000000        0x0 /Users/pannetra/avr8-gnu-toolchain-darwin_x86_64/bin/../lib/gcc/avr/4.9.2/avr5/libgcc.a(_clear_bss.o)
 .text.libgcc.mul
                0x0000000000000000        0x0 /Users/pannetra/avr8-gnu-toolchain-darwin_x86_64/bin/../lib/gcc/avr/4.9.2/avr5/libgcc.a(_clear_bss.o)
 .text.libgcc.div
                0x0000000000000000        0x0 /Users/pannetra/avr8-gnu-toolchain-darwin_x86_64/bin/../lib/gcc/avr/4.9.2/avr5/libgcc.a(_clear_bss.o)
 .text.libgcc   0x0000000000000000        0x0 /Users/pannetra/avr8-gnu-toolchain-darwin_x86_64/bin/../lib/gcc/avr/4.9.2/avr5/libgcc.a(_clear_bss.o)
 .text.libgcc.prologue
                0x0000000000000000        0x0 /Users/pannetra/avr8-gnu-toolchain-darwin_x86_64/bin/../lib/gcc/avr/4.9.2/avr5/libgcc.a(_clear_bss.o)
 .text.libgcc.builtins
                0x0000000000000000        0x0 /Users/pannetra/avr8-gnu-toolchain-darwin_x86_64/bin/../lib/gcc/avr/4.9.2/avr5/libgcc.a(_clear_bss.o)
 .text.libgcc.fmul
                0x0000000000000000        0x0 /Users/pannetra/avr8-gnu-toolchain-darwin_x86_64/bin/../lib/gcc/avr/4.9.2/avr5/libgcc.a(_clear_bss.o)
 .text.libgcc.fixed
                0x0000000000000000        0x0 /Users/pannetra/avr8-gnu-toolchain-darwin_x86_64/bin/../lib/gcc/avr/4.9.2/avr5/libgcc.a(_clear_bss.o)

Memory Configuration

Name             Origin             Length             Attributes
text             0x0000000000000000 0x0000000000020000 xr
data             0x0000000000800060 0x000000000000ffa0 rw !x
eeprom           0x0000000000810000 0x0000000000010000 rw !x
fuse             0x0000000000820000 0x0000000000000003 rw !x
lock             0x0000000000830000 0x0000000000000400 rw !x
signature        0x0000000000840000 0x0000000000000400 rw !x
user_signatures  0x0000000000850000 0x0000000000000400 rw !x
*default*        0x0000000000000000 0xffffffffffffffff

Linker script and memory map

Address of section .data set to 0x800100
LOAD /Users/pannetra/avr8-gnu-toolchain-darwin_x86_64/bin/../lib/gcc/avr/4.9.2/../../../../avr/lib/avr5/crtatmega32u4.o
LOAD controller.o
LOAD usb_serial.o
LOAD mcp2515.o
LOAD spi.o
LOAD /Users/pannetra/avr8-gnu-toolchain-darwin_x86_64/bin/../lib/gcc/avr/4.9.2/../../../../avr/lib/avr5/libm.a
START GROUP
LOAD /Users/pannetra/avr8-gnu-toolchain-darwin_x86_64/bin/../lib/gcc/avr/4.9.2/avr5/libgcc.a
LOAD /Users/pannetra/avr8-gnu-toolchain-darwin_x86_64/bin/../lib/gcc/avr/4.9.2/../../../../avr/lib/avr5/libm.a
LOAD /Users/pannetra/avr8-gnu-toolchain-darwin_x86_64/bin/../lib/gcc/avr/4.9.2/../../../../avr/lib/avr5/libc.a
LOAD /Users/pannetra/avr8-gnu-toolchain-darwin_x86_64/bin/../lib/gcc/avr/4.9.2/../../../../avr/lib/avr5/libatmega32u4.a
END GROUP
                0x0000000000020000                __TEXT_REGION_LENGTH__ = DEFINED (__TEXT_REGION_LENGTH__)?__TEXT_REGION_LENGTH__:0x20000
                0x000000000000ffa0                __DATA_REGION_LENGTH__ = DEFINED (__DATA_REGION_LENGTH__)?__DATA_REGION_LENGTH__:0xffa0
                0x0000000000010000                __EEPROM_REGION_LENGTH__ = DEFINED (__EEPROM_REGION_LENGTH__)?__EEPROM_REGION_LENGTH__:0x10000
                [0x0000000000000003]                __FUSE_REGION_LENGTH__ = DEFINED (__FUSE_REGION_LENGTH__)?__FUSE_REGION_LENGTH__:0x400
                0x0000000000000400                __LOCK_REGION_LENGTH__ = DEFINED (__LOCK_REGION_LENGTH__)?__LOCK_REGION_LENGTH__:0x400
                0x0000000000000400                __SIGNATURE_REGION_LENGTH__ = DEFINED (__SIGNATURE_REGION_LENGTH__)?__SIGNATURE_REGION_LENGTH__:0x400
                0x0000000000000400                __USER_SIGNATURE_REGION_LENGTH__ = DEFINED (__USER_SIGNATURE_REGION_LENGTH__)?__USER_SIGNATURE_REGION_LENGTH__:0x400

.hash
 *(.hash)

.dynsym
 *(.dynsym)

.dynstr
 *(.dynstr)

.gnu.version
 *(.gnu.version)

.gnu.version_d
 *(.gnu.version_d)

.gnu.version_r
 *(.gnu.version_r)

.rel.init
 *(.rel.init)

.rela.init
 *(.rela.init)

.rel.text
 *(.rel.text)
 *(.rel.text.*)
 *(.rel.gnu.linkonce.t*)

.rela.text
 *(.rela.text)
 *(.rela.text.*)
 *(.rela.gnu.linkonce.t*)

.rel.fini
 *(.rel.fini)

.rela.fini
 *(.rela.fini)

.rel.rodata
 *(.rel.rodata)
 *(.rel.rodata.*)
 *(.rel.gnu.linkonce.r*)

.rela.rodata
 *(.rela.rodata)
 *(.rela.rodata.*)
 *(.rela.gnu.linkonce.r*)

.rel.data
 *(.rel.data)
 *(.rel.data.*)
 *(.rel.gnu.linkonce.d*)

.rela.data
 *(.rela.data)
 *(.rela.data.*)
 *(.rela.gnu.linkonce.d*)

.rel.ctors
 *(.rel.ctors)

.rela.ctors
 *(.rela.ctors)

.rel.dtors
 *(.rel.dtors)

.rela.dtors
 *(.rela.dtors)

.rel.got
 *(.rel.got)

.rela.got
 *(.rela.got)

.rel.bss
 *(.rel.bss)

.rela.bss
 *(.rela.bss)

.rel.plt
 *(.rel.plt)

.rela.plt
 *(.rela.plt)

.text           0x0000000000000000     0x107c
 *(.vectors)
 .vectors       0x0000000000000000       0xac /Users/pannetra/avr8-gnu-toolchain-darwin_x86_64/bin/../lib/gcc/avr/4.9.2/../../../../avr/lib/avr5/crtatmega32u4.o
                0x0000000000000000                __vectors
                0x0000000000000000                __vector_default
 *(.vectors)
 *(.progmem.gcc*)
 .progmem.gcc_sw_table.usb_serial_write
                0x00000000000000ac       0x82 usb_serial.o
                0x000000000000012e                . = ALIGN (0x2)
                0x000000000000012e                __trampolines_start = .
 *(.trampolines)
 .trampolines   0x000000000000012e        0x0 linker stubs
 *(.trampolines*)
                0x000000000000012e                __trampolines_end = .
 *libprintf_flt.a:*(.progmem.data)
 *libc.a:*(.progmem.data)
 *(.progmem*)
 .progmem.data  0x000000000000012e       0xc9 usb_serial.o
                0x00000000000001f8                . = ALIGN (0x2)
 *fill*         0x00000000000001f7        0x1 
 *(.jumptables)
 *(.jumptables*)
 *(.lowtext)
 *(.lowtext*)
                0x00000000000001f8                __ctors_start = .
 *(.ctors)
                0x00000000000001f8                __ctors_end = .
                0x00000000000001f8                __dtors_start = .
 *(.dtors)
                0x00000000000001f8                __dtors_end = .
 SORT(*)(.ctors)
 SORT(*)(.dtors)
 *(.init0)
 .init0         0x00000000000001f8        0x0 /Users/pannetra/avr8-gnu-toolchain-darwin_x86_64/bin/../lib/gcc/avr/4.9.2/../../../../avr/lib/avr5/crtatmega32u4.o
                0x00000000000001f8                __init
 *(.init0)
 *(.init1)
 *(.init1)
 *(.init2)
 .init2         0x00000000000001f8        0xc /Users/pannetra/avr8-gnu-toolchain-darwin_x86_64/bin/../lib/gcc/avr/4.9.2/../../../../avr/lib/avr5/crtatmega32u4.o
 *(.init2)
 *(.init3)
 *(.init3)
 *(.init4)
 .init4         0x0000000000000204       0x16 /Users/pannetra/avr8-gnu-toolchain-darwin_x86_64/bin/../lib/gcc/avr/4.9.2/avr5/libgcc.a(_copy_data.o)
                0x0000000000000204                __do_copy_data
 .init4         0x000000000000021a       0x10 /Users/pannetra/avr8-gnu-toolchain-darwin_x86_64/bin/../lib/gcc/avr/4.9.2/avr5/libgcc.a(_clear_bss.o)
                0x000000000000021a                __do_clear_bss
 *(.init4)
 *(.init5)
 *(.init5)
 *(.init6)
 *(.init6)
 *(.init7)
 *(.init7)
 *(.init8)
 *(.init8)
 *(.init9)
 .init9         0x000000000000022a        0x4 /Users/pannetra/avr8-gnu-toolchain-darwin_x86_64/bin/../lib/gcc/avr/4.9.2/../../../../avr/lib/avr5/crtatmega32u4.o
 *(.init9)
 *(.text)
 .text          0x000000000000022e        0x2 /Users/pannetra/avr8-gnu-toolchain-darwin_x86_64/bin/../lib/gcc/avr/4.9.2/../../../../avr/lib/avr5/crtatmega32u4.o
                0x000000000000022e                __vector_42
                0x000000000000022e                __vector_22
                0x000000000000022e                __vector_28
                0x000000000000022e                __vector_32
                0x000000000000022e                __vector_34
                0x000000000000022e                __vector_24
                0x000000000000022e                __vector_12
                0x000000000000022e                __bad_interrupt
                0x000000000000022e                __vector_6
                0x000000000000022e                __vector_31
                0x000000000000022e                __vector_35
                0x000000000000022e                __vector_39
                0x000000000000022e                __vector_3
                0x000000000000022e                __vector_23
                0x000000000000022e                __vector_30
                0x000000000000022e                __vector_25
                0x000000000000022e                __vector_13
                0x000000000000022e                __vector_17
                0x000000000000022e                __vector_19
                0x000000000000022e                __vector_7
                0x000000000000022e                __vector_41
                0x000000000000022e                __vector_27
                0x000000000000022e                __vector_5
                0x000000000000022e                __vector_33
                0x000000000000022e                __vector_37
                0x000000000000022e                __vector_4
                0x000000000000022e                __vector_9
                0x000000000000022e                __vector_2
                0x000000000000022e                __vector_21
                0x000000000000022e                __vector_15
                0x000000000000022e                __vector_36
                0x000000000000022e                __vector_29
                0x000000000000022e                __vector_40
                0x000000000000022e                __vector_8
                0x000000000000022e                __vector_26
                0x000000000000022e                __vector_14
                0x000000000000022e                __vector_16
                0x000000000000022e                __vector_18
                0x000000000000022e                __vector_20
                0x000000000000022e                __vector_38
                0x0000000000000230                . = ALIGN (0x2)
 *(.text.*)
 .text.power_up
                0x0000000000000230        0xa controller.o
 .text.power_down
                0x000000000000023a        0xa controller.o
 .text.get_byte
                0x0000000000000244       0x1e controller.o
                0x0000000000000244                get_byte
 .text.can_recv
                0x0000000000000262      0x134 controller.o
                0x0000000000000262                can_recv
 .text.can_send
                0x0000000000000396       0xfa controller.o
                0x0000000000000396                can_send
 .text.can_init
                0x0000000000000490       0x7e controller.o
                0x0000000000000490                can_init
 .text.adc_read
                0x000000000000050e       0x3a controller.o
                0x000000000000050e                adc_read
 .text.power_check
                0x0000000000000548       0x88 controller.o
 .text.__vector_1
                0x00000000000005d0       0x92 controller.o
                0x00000000000005d0                __vector_1
 .text.circ_buffer_pos
                0x0000000000000662       0x24 controller.o
                0x0000000000000662                circ_buffer_pos
 .text.circ_buffer_advance
                0x0000000000000686       0x1e controller.o
                0x0000000000000686                circ_buffer_advance
 .text.startup.main
                0x00000000000006a4      0x21c controller.o
                0x00000000000006a4                main
 .text.usb_wait_in_ready
                0x00000000000008c0        0xa usb_serial.o
 .text.usb_init
                0x00000000000008ca       0x32 usb_serial.o
                0x00000000000008ca                usb_init
 .text.usb_configured
                0x00000000000008fc        0x6 usb_serial.o
                0x00000000000008fc                usb_configured
 .text.usb_serial_getchar
                0x0000000000000902       0x46 usb_serial.o
                0x0000000000000902                usb_serial_getchar
 .text.usb_serial_available
                0x0000000000000948       0x34 usb_serial.o
                0x0000000000000948                usb_serial_available
 .text.usb_serial_flush_input
                0x000000000000097c       0x26 usb_serial.o
                0x000000000000097c                usb_serial_flush_input
 .text.usb_serial_putchar_nowait
                0x00000000000009a2       0x40 usb_serial.o
                0x00000000000009a2                usb_serial_putchar_nowait
 .text.usb_serial_write
                0x00000000000009e2      0x2c2 usb_serial.o
                0x00000000000009e2                usb_serial_write
 .text.__vector_10
                0x0000000000000ca4       0x74 usb_serial.o
                0x0000000000000ca4                __vector_10
 .text.__vector_11
                0x0000000000000d18      0x294 usb_serial.o
                0x0000000000000d18                __vector_11
 .text.mcp2515_register_write
                0x0000000000000fac       0x2c mcp2515.o
                0x0000000000000fac                mcp2515_register_write
 .text.mcp2515_register_write_bit
                0x0000000000000fd8       0x46 mcp2515.o
                0x0000000000000fd8                mcp2515_register_write_bit
 .text.mcp2515_register_read
                0x000000000000101e       0x18 mcp2515.o
                0x000000000000101e                mcp2515_register_read
 .text.mcp2515_rx_status
                0x0000000000001036        0xe mcp2515.o
                0x0000000000001036                mcp2515_rx_status
 .text.mcp2515_status
                0x0000000000001044        0xe mcp2515.o
                0x0000000000001044                mcp2515_status
 .text.spi_master_init
                0x0000000000001052        0xe spi.o
                0x0000000000001052                spi_master_init
 .text.spi_transmit
                0x0000000000001060        0xc spi.o
                0x0000000000001060                spi_transmit
 .text.libgcc   0x000000000000106c        0xc /Users/pannetra/avr8-gnu-toolchain-darwin_x86_64/bin/../lib/gcc/avr/4.9.2/avr5/libgcc.a(_tablejump2.o)
                0x000000000000106c                __tablejump2__
                0x0000000000001078                . = ALIGN (0x2)
 *(.fini9)
 .fini9         0x0000000000001078        0x0 /Users/pannetra/avr8-gnu-toolchain-darwin_x86_64/bin/../lib/gcc/avr/4.9.2/avr5/libgcc.a(_exit.o)
                0x0000000000001078                exit
                0x0000000000001078                _exit
 *(.fini9)
 *(.fini8)
 *(.fini8)
 *(.fini7)
 *(.fini7)
 *(.fini6)
 *(.fini6)
 *(.fini5)
 *(.fini5)
 *(.fini4)
 *(.fini4)
 *(.fini3)
 *(.fini3)
 *(.fini2)
 *(.fini2)
 *(.fini1)
 *(.fini1)
 *(.fini0)
 .fini0         0x0000000000001078        0x4 /Users/pannetra/avr8-gnu-toolchain-darwin_x86_64/bin/../lib/gcc/avr/4.9.2/avr5/libgcc.a(_exit.o)
 *(.fini0)
                0x000000000000107c                _etext = .

.data           0x0000000000800100        0x8 load address 0x000000000000107c
                0x0000000000800100                PROVIDE (__data_start, .)
 *(.data)
 .data          0x0000000000800100        0x7 usb_serial.o
 *(.data*)
 *(.rodata)
 *(.rodata*)
 *(.gnu.linkonce.d*)
                0x0000000000800108                . = ALIGN (0x2)
 *fill*         0x0000000000800107        0x1 
                0x0000000000800108                _edata = .
                0x0000000000800108                PROVIDE (__data_end, .)

.bss            0x0000000000800108      0x108
                0x0000000000800108                PROVIDE (__bss_start, .)
 *(.bss)
 .bss           0x0000000000800108        0x4 controller.o
                0x0000000000800108                packet_id
                0x000000000080010a                slot_tail
                0x000000000080010b                slot_head
 .bss           0x000000000080010c        0x4 usb_serial.o
 *(.bss*)
 *(COMMON)
 COMMON         0x0000000000800110      0x100 controller.o
                0x0000000000800110                circ_buffer
                0x0000000000800210                PROVIDE (__bss_end, .)
                0x000000000000107c                __data_load_start = LOADADDR (.data)
                0x0000000000001084                __data_load_end = (__data_load_start + SIZEOF (.data))

.noinit         0x0000000000800210        0x0
                [!provide]                        PROVIDE (__noinit_start, .)
 *(.noinit*)
                [!provide]                        PROVIDE (__noinit_end, .)
                0x0000000000800210                _end = .
                [!provide]                        PROVIDE (__heap_start, .)

.eeprom         0x0000000000810000        0x0
 *(.eeprom*)
                0x0000000000810000                __eeprom_end = .

.fuse
 *(.fuse)
 *(.lfuse)
 *(.hfuse)
 *(.efuse)

.lock
 *(.lock*)

.signature
 *(.signature*)

.user_signatures
 *(.user_signatures*)

.stab
 *(.stab)

.stabstr
 *(.stabstr)

.stab.excl
 *(.stab.excl)

.stab.exclstr
 *(.stab.exclstr)

.stab.index
 *(.stab.index)

.stab.indexstr
 *(.stab.indexstr)

.comment        0x0000000000000000       0x2f
 *(.comment)
 .comment       0x0000000000000000       0x2f controller.o
                                         0x30 (size before relaxing)
 .comment       0x000000000000002f       0x30 usb_serial.o
 .comment       0x000000000000002f       0x30 mcp2515.o
 .comment       0x000000000000002f       0x30 spi.o

.note.gnu.avr.deviceinfo
                0x0000000000000000       0x40
 .note.gnu.avr.deviceinfo
                0x0000000000000000       0x40 /Users/pannetra/avr8-gnu-toolchain-darwin_x86_64/bin/../lib/gcc/avr/4.9.2/../../../../avr/lib/avr5/crtatmega32u4.o

.note.gnu.build-id
 *(.note.gnu.build-id)

.debug
 *(.debug)

.line
 *(.line)

.debug_srcinfo
 *(.debug_srcinfo)

.debug_sfnames
 *(.debug_sfnames)

.debug_aranges  0x0000000000000000      0x1a0
 *(.debug_aranges)
 .debug_aranges
                0x0000000000000000       0x90 controller.o
 .debug_aranges
                0x0000000000000090       0xa8 usb_serial.o
 .debug_aranges
                0x0000000000000138       0x40 mcp2515.o
 .debug_aranges
                0x0000000000000178       0x28 spi.o

.debug_pubnames
 *(.debug_pubnames)

.debug_info     0x0000000000000000     0x2367
 *(.debug_info .gnu.linkonce.wi.*)
 .debug_info    0x0000000000000000      0x9f4 /Users/pannetra/avr8-gnu-toolchain-darwin_x86_64/bin/../lib/gcc/avr/4.9.2/../../../../avr/lib/avr5/crtatmega32u4.o
 .debug_info    0x00000000000009f4      0xd78 controller.o
 .debug_info    0x000000000000176c      0x8c6 usb_serial.o
 .debug_info    0x0000000000002032      0x28a mcp2515.o
 .debug_info    0x00000000000022bc       0xab spi.o

.debug_abbrev   0x0000000000000000     0x10a3
 *(.debug_abbrev)
 .debug_abbrev  0x0000000000000000      0x96a /Users/pannetra/avr8-gnu-toolchain-darwin_x86_64/bin/../lib/gcc/avr/4.9.2/../../../../avr/lib/avr5/crtatmega32u4.o
 .debug_abbrev  0x000000000000096a      0x3b4 controller.o
 .debug_abbrev  0x0000000000000d1e      0x219 usb_serial.o
 .debug_abbrev  0x0000000000000f37       0xf2 mcp2515.o
 .debug_abbrev  0x0000000000001029       0x7a spi.o

.debug_line     0x0000000000000000     0x14b9
 *(.debug_line .debug_line.* .debug_line_end)
 .debug_line    0x0000000000000000       0x1a /Users/pannetra/avr8-gnu-toolchain-darwin_x86_64/bin/../lib/gcc/avr/4.9.2/../../../../avr/lib/avr5/crtatmega32u4.o
 .debug_line    0x000000000000001a      0x809 controller.o
 .debug_line    0x0000000000000823      0xa69 usb_serial.o
 .debug_line    0x000000000000128c      0x175 mcp2515.o
 .debug_line    0x0000000000001401       0xb8 spi.o

.debug_frame    0x0000000000000000      0x504
 *(.debug_frame)
 .debug_frame   0x0000000000000000      0x250 controller.o
 .debug_frame   0x0000000000000250      0x1e4 usb_serial.o
 .debug_frame   0x0000000000000434       0x9c mcp2515.o
 .debug_frame   0x00000000000004d0       0x34 spi.o

.debug_str      0x0000000000000000      0xa3e
 *(.debug_str)
 .debug_str     0x0000000000000000      0x371 /Users/pannetra/avr8-gnu-toolchain-darwin_x86_64/bin/../lib/gcc/avr/4.9.2/../../../../avr/lib/avr5/crtatmega32u4.o
 .debug_str     0x0000000000000371      0x3f2 controller.o
                                        0x459 (size before relaxing)
 .debug_str     0x0000000000000763      0x2c4 usb_serial.o
                                        0x4d1 (size before relaxing)
 .debug_str     0x0000000000000a27       0x11 mcp2515.o
                                        0x1cc (size before relaxing)
 .debug_str     0x0000000000000a38        0x6 spi.o
                                        0x15f (size before relaxing)

.debug_loc      0x0000000000000000     0x163d
 *(.debug_loc)
 .debug_loc     0x0000000000000000      0x971 controller.o
 .debug_loc     0x0000000000000971      0xafa usb_serial.o
 .debug_loc     0x000000000000146b      0x1b3 mcp2515.o
 .debug_loc     0x000000000000161e       0x1f spi.o

.debug_macinfo
 *(.debug_macinfo)

.debug_weaknames
 *(.debug_weaknames)

.debug_funcnames
 *(.debug_funcnames)

.debug_typenames
 *(.debug_typenames)

.debug_varnames
 *(.debug_varnames)

.debug_pubtypes
 *(.debug_pubtypes)

.debug_ranges   0x0000000000000000      0x1c0
 *(.debug_ranges)
 .debug_ranges  0x0000000000000000       0x98 controller.o
 .debug_ranges  0x0000000000000098       0xe0 usb_serial.o
 .debug_ranges  0x0000000000000178       0x30 mcp2515.o
 .debug_ranges  0x00000000000001a8       0x18 spi.o

.debug_macro
 *(.debug_macro)
OUTPUT(controller.elf elf32-avr)
LOAD linker stubs

Cross Reference Table

Symbol                                            File
__FUSE_REGION_LENGTH__                            /Users/pannetra/avr8-gnu-toolchain-darwin_x86_64/bin/../lib/gcc/avr/4.9.2/../../../../avr/lib/avr5/crtatmega32u4.o
__bad_interrupt                                   /Users/pannetra/avr8-gnu-toolchain-darwin_x86_64/bin/../lib/gcc/avr/4.9.2/../../../../avr/lib/avr5/crtatmega32u4.o
__bss_end                                         /Users/pannetra/avr8-gnu-toolchain-darwin_x86_64/bin/../lib/gcc/avr/4.9.2/avr5/libgcc.a(_clear_bss.o)
__bss_start                                       /Users/pannetra/avr8-gnu-toolchain-darwin_x86_64/bin/../lib/gcc/avr/4.9.2/avr5/libgcc.a(_clear_bss.o)
__data_end                                        /Users/pannetra/avr8-gnu-toolchain-darwin_x86_64/bin/../lib/gcc/avr/4.9.2/avr5/libgcc.a(_copy_data.o)
__data_load_start                                 /Users/pannetra/avr8-gnu-toolchain-darwin_x86_64/bin/../lib/gcc/avr/4.9.2/avr5/libgcc.a(_copy_data.o)
__data_start                                      /Users/pannetra/avr8-gnu-toolchain-darwin_x86_64/bin/../lib/gcc/avr/4.9.2/avr5/libgcc.a(_copy_data.o)
__do_clear_bss                                    /Users/pannetra/avr8-gnu-toolchain-darwin_x86_64/bin/../lib/gcc/avr/4.9.2/avr5/libgcc.a(_clear_bss.o)
                                                  usb_serial.o
                                                  controller.o
__do_copy_data                                    /Users/pannetra/avr8-gnu-toolchain-darwin_x86_64/bin/../lib/gcc/avr/4.9.2/avr5/libgcc.a(_copy_data.o)
                                                  usb_serial.o
__heap_end                                        /Users/pannetra/avr8-gnu-toolchain-darwin_x86_64/bin/../lib/gcc/avr/4.9.2/../../../../avr/lib/avr5/crtatmega32u4.o
__init                                            /Users/pannetra/avr8-gnu-toolchain-darwin_x86_64/bin/../lib/gcc/avr/4.9.2/../../../../avr/lib/avr5/crtatmega32u4.o
__stack                                           /Users/pannetra/avr8-gnu-toolchain-darwin_x86_64/bin/../lib/gcc/avr/4.9.2/../../../../avr/lib/avr5/crtatmega32u4.o
__tablejump2__                                    /Users/pannetra/avr8-gnu-toolchain-darwin_x86_64/bin/../lib/gcc/avr/4.9.2/avr5/libgcc.a(_tablejump2.o)
                                                  usb_serial.o
__vector_1                                        controller.o
                                                  /Users/pannetra/avr8-gnu-toolchain-darwin_x86_64/bin/../lib/gcc/avr/4.9.2/../../../../avr/lib/avr5/crtatmega32u4.o
__vector_10                                       usb_serial.o
                                                  /Users/pannetra/avr8-gnu-toolchain-darwin_x86_64/bin/../lib/gcc/avr/4.9.2/../../../../avr/lib/avr5/crtatmega32u4.o
__vector_11                                       usb_serial.o
                                                  /Users/pannetra/avr8-gnu-toolchain-darwin_x86_64/bin/../lib/gcc/avr/4.9.2/../../../../avr/lib/avr5/crtatmega32u4.o
__vector_12                                       /Users/pannetra/avr8-gnu-toolchain-darwin_x86_64/bin/../lib/gcc/avr/4.9.2/../../../../avr/lib/avr5/crtatmega32u4.o
__vector_13                                       /Users/pannetra/avr8-gnu-toolchain-darwin_x86_64/bin/../lib/gcc/avr/4.9.2/../../../../avr/lib/avr5/crtatmega32u4.o
__vector_14                                       /Users/pannetra/avr8-gnu-toolchain-darwin_x86_64/bin/../lib/gcc/avr/4.9.2/../../../../avr/lib/avr5/crtatmega32u4.o
__vector_15                                       /Users/pannetra/avr8-gnu-toolchain-darwin_x86_64/bin/../lib/gcc/avr/4.9.2/../../../../avr/lib/avr5/crtatmega32u4.o
__vector_16                                       /Users/pannetra/avr8-gnu-toolchain-darwin_x86_64/bin/../lib/gcc/avr/4.9.2/../../../../avr/lib/avr5/crtatmega32u4.o
__vector_17                                       /Users/pannetra/avr8-gnu-toolchain-darwin_x86_64/bin/../lib/gcc/avr/4.9.2/../../../../avr/lib/avr5/crtatmega32u4.o
__vector_18                                       /Users/pannetra/avr8-gnu-toolchain-darwin_x86_64/bin/../lib/gcc/avr/4.9.2/../../../../avr/lib/avr5/crtatmega32u4.o
__vector_19                                       /Users/pannetra/avr8-gnu-toolchain-darwin_x86_64/bin/../lib/gcc/avr/4.9.2/../../../../avr/lib/avr5/crtatmega32u4.o
__vector_2                                        /Users/pannetra/avr8-gnu-toolchain-darwin_x86_64/bin/../lib/gcc/avr/4.9.2/../../../../avr/lib/avr5/crtatmega32u4.o
__vector_20                                       /Users/pannetra/avr8-gnu-toolchain-darwin_x86_64/bin/../lib/gcc/avr/4.9.2/../../../../avr/lib/avr5/crtatmega32u4.o
__vector_21                                       /Users/pannetra/avr8-gnu-toolchain-darwin_x86_64/bin/../lib/gcc/avr/4.9.2/../../../../avr/lib/avr5/crtatmega32u4.o
__vector_22                                       /Users/pannetra/avr8-gnu-toolchain-darwin_x86_64/bin/../lib/gcc/avr/4.9.2/../../../../avr/lib/avr5/crtatmega32u4.o
__vector_23                                       /Users/pannetra/avr8-gnu-toolchain-darwin_x86_64/bin/../lib/gcc/avr/4.9.2/../../../../avr/lib/avr5/crtatmega32u4.o
__vector_24                                       /Users/pannetra/avr8-gnu-toolchain-darwin_x86_64/bin/../lib/gcc/avr/4.9.2/../../../../avr/lib/avr5/crtatmega32u4.o
__vector_25                                       /Users/pannetra/avr8-gnu-toolchain-darwin_x86_64/bin/../lib/gcc/avr/4.9.2/../../../../avr/lib/avr5/crtatmega32u4.o
__vector_26                                       /Users/pannetra/avr8-gnu-toolchain-darwin_x86_64/bin/../lib/gcc/avr/4.9.2/../../../../avr/lib/avr5/crtatmega32u4.o
__vector_27                                       /Users/pannetra/avr8-gnu-toolchain-darwin_x86_64/bin/../lib/gcc/avr/4.9.2/../../../../avr/lib/avr5/crtatmega32u4.o
__vector_28                                       /Users/pannetra/avr8-gnu-toolchain-darwin_x86_64/bin/../lib/gcc/avr/4.9.2/../../../../avr/lib/avr5/crtatmega32u4.o
__vector_29                                       /Users/pannetra/avr8-gnu-toolchain-darwin_x86_64/bin/../lib/gcc/avr/4.9.2/../../../../avr/lib/avr5/crtatmega32u4.o
__vector_3                                        /Users/pannetra/avr8-gnu-toolchain-darwin_x86_64/bin/../lib/gcc/avr/4.9.2/../../../../avr/lib/avr5/crtatmega32u4.o
__vector_30                                       /Users/pannetra/avr8-gnu-toolchain-darwin_x86_64/bin/../lib/gcc/avr/4.9.2/../../../../avr/lib/avr5/crtatmega32u4.o
__vector_31                                       /Users/pannetra/avr8-gnu-toolchain-darwin_x86_64/bin/../lib/gcc/avr/4.9.2/../../../../avr/lib/avr5/crtatmega32u4.o
__vector_32                                       /Users/pannetra/avr8-gnu-toolchain-darwin_x86_64/bin/../lib/gcc/avr/4.9.2/../../../../avr/lib/avr5/crtatmega32u4.o
__vector_33                                       /Users/pannetra/avr8-gnu-toolchain-darwin_x86_64/bin/../lib/gcc/avr/4.9.2/../../../../avr/lib/avr5/crtatmega32u4.o
__vector_34                                       /Users/pannetra/avr8-gnu-toolchain-darwin_x86_64/bin/../lib/gcc/avr/4.9.2/../../../../avr/lib/avr5/crtatmega32u4.o
__vector_35                                       /Users/pannetra/avr8-gnu-toolchain-darwin_x86_64/bin/../lib/gcc/avr/4.9.2/../../../../avr/lib/avr5/crtatmega32u4.o
__vector_36                                       /Users/pannetra/avr8-gnu-toolchain-darwin_x86_64/bin/../lib/gcc/avr/4.9.2/../../../../avr/lib/avr5/crtatmega32u4.o
__vector_37                                       /Users/pannetra/avr8-gnu-toolchain-darwin_x86_64/bin/../lib/gcc/avr/4.9.2/../../../../avr/lib/avr5/crtatmega32u4.o
__vector_38                                       /Users/pannetra/avr8-gnu-toolchain-darwin_x86_64/bin/../lib/gcc/avr/4.9.2/../../../../avr/lib/avr5/crtatmega32u4.o
__vector_39                                       /Users/pannetra/avr8-gnu-toolchain-darwin_x86_64/bin/../lib/gcc/avr/4.9.2/../../../../avr/lib/avr5/crtatmega32u4.o
__vector_4                                        /Users/pannetra/avr8-gnu-toolchain-darwin_x86_64/bin/../lib/gcc/avr/4.9.2/../../../../avr/lib/avr5/crtatmega32u4.o
__vector_40                                       /Users/pannetra/avr8-gnu-toolchain-darwin_x86_64/bin/../lib/gcc/avr/4.9.2/../../../../avr/lib/avr5/crtatmega32u4.o
__vector_41                                       /Users/pannetra/avr8-gnu-toolchain-darwin_x86_64/bin/../lib/gcc/avr/4.9.2/../../../../avr/lib/avr5/crtatmega32u4.o
__vector_42                                       /Users/pannetra/avr8-gnu-toolchain-darwin_x86_64/bin/../lib/gcc/avr/4.9.2/../../../../avr/lib/avr5/crtatmega32u4.o
__vector_5                                        /Users/pannetra/avr8-gnu-toolchain-darwin_x86_64/bin/../lib/gcc/avr/4.9.2/../../../../avr/lib/avr5/crtatmega32u4.o
__vector_6                                        /Users/pannetra/avr8-gnu-toolchain-darwin_x86_64/bin/../lib/gcc/avr/4.9.2/../../../../avr/lib/avr5/crtatmega32u4.o
__vector_7                                        /Users/pannetra/avr8-gnu-toolchain-darwin_x86_64/bin/../lib/gcc/avr/4.9.2/../../../../avr/lib/avr5/crtatmega32u4.o
__vector_8                                        /Users/pannetra/avr8-gnu-toolchain-darwin_x86_64/bin/../lib/gcc/avr/4.9.2/../../../../avr/lib/avr5/crtatmega32u4.o
__vector_9                                        /Users/pannetra/avr8-gnu-toolchain-darwin_x86_64/bin/../lib/gcc/avr/4.9.2/../../../../avr/lib/avr5/crtatmega32u4.o
__vector_default                                  /Users/pannetra/avr8-gnu-toolchain-darwin_x86_64/bin/../lib/gcc/avr/4.9.2/../../../../avr/lib/avr5/crtatmega32u4.o
__vectors                                         /Users/pannetra/avr8-gnu-toolchain-darwin_x86_64/bin/../lib/gcc/avr/4.9.2/../../../../avr/lib/avr5/crtatmega32u4.o
_exit                                             /Users/pannetra/avr8-gnu-toolchain-darwin_x86_64/bin/../lib/gcc/avr/4.9.2/avr5/libgcc.a(_exit.o)
adc_read                                          controller.o
can_init                                          controller.o
can_recv                                          controller.o
can_send                                          controller.o
circ_buffer                                       controller.o
circ_buffer_advance                               controller.o
circ_buffer_clear                                 controller.o
circ_buffer_pos                                   controller.o
exit                                              /Users/pannetra/avr8-gnu-toolchain-darwin_x86_64/bin/../lib/gcc/avr/4.9.2/avr5/libgcc.a(_exit.o)
                                                  /Users/pannetra/avr8-gnu-toolchain-darwin_x86_64/bin/../lib/gcc/avr/4.9.2/../../../../avr/lib/avr5/crtatmega32u4.o
get_byte                                          controller.o
main                                              controller.o
                                                  /Users/pannetra/avr8-gnu-toolchain-darwin_x86_64/bin/../lib/gcc/avr/4.9.2/../../../../avr/lib/avr5/crtatmega32u4.o
mcp2515_register_read                             mcp2515.o
                                                  controller.o
mcp2515_register_write                            mcp2515.o
                                                  controller.o
mcp2515_register_write_bit                        mcp2515.o
                                                  controller.o
mcp2515_rx_status                                 mcp2515.o
                                                  controller.o
mcp2515_status                                    mcp2515.o
                                                  controller.o
packet_id                                         controller.o
put_byte                                          controller.o
put_byte_n                                        controller.o
slot_head                                         controller.o
slot_tail                                         controller.o
spi_master_init                                   spi.o
                                                  controller.o
spi_transmit                                      spi.o
                                                  mcp2515.o
                                                  controller.o
usb_configured                                    usb_serial.o
                                                  controller.o
usb_init                                          usb_serial.o
                                                  controller.o
usb_serial_available                              usb_serial.o
                                                  controller.o
usb_serial_flush_input                            usb_serial.o
                                                  controller.o
usb_serial_flush_output                           usb_serial.o
usb_serial_get_baud                               usb_serial.o
usb_serial_get_control                            usb_serial.o
usb_serial_get_numbits                            usb_serial.o
usb_serial_get_paritytype                         usb_serial.o
usb_serial_get_stopbits                           usb_serial.o
usb_serial_getchar                                usb_serial.o
                                                  controller.o
usb_serial_putchar                                usb_serial.o
usb_serial_putchar_nowait                         usb_serial.o
                                                  controller.o
usb_serial_set_control                            usb_serial.o
usb_serial_write                                  usb_serial.o
                                                  controller.o
