   1               		.file	"spi.c"
   2               	__SP_H__ = 0x3e
   3               	__SP_L__ = 0x3d
   4               	__SREG__ = 0x3f
   5               	__tmp_reg__ = 0
   6               	__zero_reg__ = 1
   7               		.text
   8               	.Ltext0:
   9               		.cfi_sections	.debug_frame
  10               		.section	.text.spi_master_init,"ax",@progbits
  11               	.global	spi_master_init
  13               	spi_master_init:
  14               	.LFB0:
  15               		.file 1 "spi.c"
   1:spi.c         **** #include "spi.h"
   2:spi.c         **** 
   3:spi.c         **** void spi_master_init(void)
   4:spi.c         **** {
  16               		.loc 1 4 0
  17               		.cfi_startproc
  18               	/* prologue: function */
  19               	/* frame size = 0 */
  20               	/* stack size = 0 */
  21               	.L__stack_usage = 0
   5:spi.c         ****     SPI_DDR &= ~_BV(SPI_MISO); 
  22               		.loc 1 5 0
  23 0000 2398      		cbi 0x4,3
   6:spi.c         ****     SPI_DDR |= _BV(SPI_MOSI)|_BV(SPI_SCK); // set MOSI and SCK as output
  24               		.loc 1 6 0
  25 0002 84B1      		in r24,0x4
  26 0004 8660      		ori r24,lo8(6)
  27 0006 84B9      		out 0x4,r24
   7:spi.c         ****     SPCR = _BV(SPE)|_BV(MSTR)|_BV(SPR0); /* enable spi as master, speed = fosc/16 */
  28               		.loc 1 7 0
  29 0008 81E5      		ldi r24,lo8(81)
  30 000a 8CBD      		out 0x2c,r24
  31 000c 0895      		ret
  32               		.cfi_endproc
  33               	.LFE0:
  35               		.section	.text.spi_transmit,"ax",@progbits
  36               	.global	spi_transmit
  38               	spi_transmit:
  39               	.LFB1:
   8:spi.c         **** }
   9:spi.c         **** 
  10:spi.c         **** uint8_t spi_transmit(uint8_t c)
  11:spi.c         **** {
  40               		.loc 1 11 0
  41               		.cfi_startproc
  42               	.LVL0:
  43               	/* prologue: function */
  44               	/* frame size = 0 */
  45               	/* stack size = 0 */
  46               	.L__stack_usage = 0
  12:spi.c         ****     SPDR = c;
  47               		.loc 1 12 0
  48 0000 8EBD      		out 0x2e,r24
  49               	.L3:
  13:spi.c         ****     while (!(SPSR & _BV(SPIF)));
  50               		.loc 1 13 0 discriminator 1
  51 0002 0DB4      		in __tmp_reg__,0x2d
  52 0004 07FE      		sbrs __tmp_reg__,7
  53 0006 00C0      		rjmp .L3
  14:spi.c         ****     return SPDR;
  54               		.loc 1 14 0
  55 0008 8EB5      		in r24,0x2e
  56               	.LVL1:
  15:spi.c         **** }
  57               		.loc 1 15 0
  58 000a 0895      		ret
  59               		.cfi_endproc
  60               	.LFE1:
  62               		.text
  63               	.Letext0:
  64               		.file 2 "/Users/pannetra/avr8-gnu-toolchain-darwin_x86_64/avr/include/stdint.h"
DEFINED SYMBOLS
                            *ABS*:0000000000000000 spi.c
/var/folders/sj/f9kxv34128b7m_365p3ps5_h0000gn/T//ccebN1iU.s:2      *ABS*:000000000000003e __SP_H__
/var/folders/sj/f9kxv34128b7m_365p3ps5_h0000gn/T//ccebN1iU.s:3      *ABS*:000000000000003d __SP_L__
/var/folders/sj/f9kxv34128b7m_365p3ps5_h0000gn/T//ccebN1iU.s:4      *ABS*:000000000000003f __SREG__
/var/folders/sj/f9kxv34128b7m_365p3ps5_h0000gn/T//ccebN1iU.s:5      *ABS*:0000000000000000 __tmp_reg__
/var/folders/sj/f9kxv34128b7m_365p3ps5_h0000gn/T//ccebN1iU.s:6      *ABS*:0000000000000001 __zero_reg__
/var/folders/sj/f9kxv34128b7m_365p3ps5_h0000gn/T//ccebN1iU.s:13     .text.spi_master_init:0000000000000000 spi_master_init
/var/folders/sj/f9kxv34128b7m_365p3ps5_h0000gn/T//ccebN1iU.s:38     .text.spi_transmit:0000000000000000 spi_transmit

NO UNDEFINED SYMBOLS
